Calculating task graph as no cached configuration is available for tasks: runClient

1 problem was found storing the configuration cache.
- Task `:prepareClientRun` of type `net.neoforged.moddevgradle.internal.PrepareRun`: error writing value of type 'org.gradle.api.internal.file.collections.DefaultConfigurableFileCollection'

See the complete report at file:///workspaces/Bloodline-pale/build/reports/configuration-cache/a0o3ytha7upg7iuby6nc7ictm/6o5hveukq0p98r5t14gpx70ec/configuration-cache-report.html

[Incubating] Problems report is available at: file:///workspaces/Bloodline-pale/build/reports/problems/problems-report.html

FAILURE: Build failed with an exception.

* What went wrong:
Configuration cache state could not be cached: field `__runTypeTemplatesSource__` of task `:prepareClientRun` of type `net.neoforged.moddevgradle.internal.PrepareRun`: error writing value of type 'org.gradle.api.internal.file.collections.DefaultConfigurableFileCollection'
> Could not resolve all files for configuration ':neoForgeConfigOnly'.
   > Could not download neoforge-21.1.223-moddev-config.json (net.neoforged:neoforge:21.1.223)
      > Could not get resource 'https://maven.neoforged.net/releases/net/neoforged/neoforge/21.1.223/neoforge-21.1.223-moddev-config.json'.
         > Could not GET 'https://maven.neoforged.net/releases/net/neoforged/neoforge/21.1.223/neoforge-21.1.223-moddev-config.json'.
            > Got socket exception during request. It might be caused by SSL misconfiguration
               > Connect to 127.0.0.1:7890 [/127.0.0.1] failed: Connection refused

* Try:
> Run with --info or --debug option to get more log output.
> Run with --scan to generate a Build Scan (powered by Develocity).
> Get more help at https://help.gradle.org.

* Exception is:
org.gradle.internal.cc.base.exceptions.ConfigurationCacheError: Configuration cache state could not be cached: field `__runTypeTemplatesSource__` of task `:prepareClientRun` of type `net.neoforged.moddevgradle.internal.PrepareRun`: error writing value of type 'org.gradle.api.internal.file.collections.DefaultConfigurableFileCollection'
	at org.gradle.internal.cc.impl.problems.ConfigurationCacheProblems.onError(ConfigurationCacheProblems.kt:175)
	at org.gradle.internal.serialize.graph.AbstractIsolateContext.onError(Contexts.kt:396)
	at org.gradle.internal.serialize.graph.BeanPropertyExtensionsKt.writePropertyValue(BeanPropertyExtensions.kt:36)
	at org.gradle.internal.serialize.beans.services.BeanPropertyWriter.writeStateOf(BeanPropertyWriter.kt:54)
	at org.gradle.internal.serialize.codecs.core.TaskNodeCodec$writeTask$3$2$1.invokeSuspend(TaskNodeCodec.kt:104)
	at org.gradle.internal.serialize.codecs.core.TaskNodeCodec$writeTask$3$2$1.invoke(TaskNodeCodec.kt)
	at org.gradle.internal.serialize.codecs.core.TaskNodeCodec$writeTask$3$2$1.invoke(TaskNodeCodec.kt)
	at org.gradle.internal.serialize.codecs.core.TaskNodeCodecKt.withTaskOf(TaskNodeCodec.kt:237)
	at org.gradle.internal.serialize.codecs.core.TaskNodeCodecKt.access$withTaskOf(TaskNodeCodec.kt:1)
	at org.gradle.internal.serialize.codecs.core.TaskNodeCodec.writeTask(TaskNodeCodec.kt:98)
	at org.gradle.internal.serialize.codecs.core.TaskNodeCodec.encode(TaskNodeCodec.kt:75)
	at org.gradle.internal.serialize.codecs.core.TaskNodeCodec.encode(TaskNodeCodec.kt:69)
	at org.gradle.internal.serialize.graph.codecs.BindingsBackedCodec.encode(BindingsBackedCodec.kt:66)
	at org.gradle.internal.serialize.graph.DefaultWriteContext.write(Contexts.kt:111)
	at org.gradle.internal.serialize.codecs.core.WorkNodeCodec$writeGroupedNodes$1$1$1.invokeSuspend(WorkNodeCodec.kt:332)
	at org.gradle.internal.serialize.codecs.core.WorkNodeCodec$writeGroupedNodes$1$1$1.invoke(WorkNodeCodec.kt)
	at org.gradle.internal.serialize.codecs.core.WorkNodeCodec$writeGroupedNodes$1$1$1.invoke(WorkNodeCodec.kt)
	at org.gradle.internal.serialize.codecs.core.WorkNodeCodec$safeRunnerFor$2$1$1.invokeSuspend(WorkNodeCodec.kt:400)
	at org.gradle.internal.serialize.codecs.core.WorkNodeCodec$safeRunnerFor$2$1$1.invoke(WorkNodeCodec.kt)
	at org.gradle.internal.serialize.codecs.core.WorkNodeCodec$safeRunnerFor$2$1$1.invoke(WorkNodeCodec.kt)
	at org.gradle.internal.serialize.graph.RunningKt$runWriteOperation$1.invokeSuspend(Running.kt:43)
	at kotlin.coroutines.jvm.internal.BaseContinuationImpl.resumeWith(ContinuationImpl.kt:34)
	at kotlin.coroutines.ContinuationKt.startCoroutine(Continuation.kt:115)
	at org.gradle.internal.serialize.graph.RunningKt.runToCompletion(Running.kt:58)
	at org.gradle.internal.serialize.graph.RunningKt.runWriteOperation(Running.kt:42)
	at org.gradle.internal.serialize.codecs.core.WorkNodeCodec$safeRunnerFor$2$1.accept(WorkNodeCodec.kt:399)
	at org.gradle.internal.serialize.codecs.core.WorkNodeCodec$safeRunnerFor$2$1.accept(WorkNodeCodec.kt:398)
	at org.gradle.api.internal.project.DefaultProjectStateRegistry$ProjectStateImpl.lambda$applyToMutableState$1(DefaultProjectStateRegistry.java:446)
	at org.gradle.api.internal.project.DefaultProjectStateRegistry$ProjectStateImpl.lambda$fromMutableState$2(DefaultProjectStateRegistry.java:469)
	at org.gradle.internal.work.DefaultWorkerLeaseService.lambda$withLocksAcquired$0(DefaultWorkerLeaseService.java:269)
	at org.gradle.internal.work.ResourceLockStatistics$1.measure(ResourceLockStatistics.java:42)
	at org.gradle.internal.work.DefaultWorkerLeaseService.withLocksAcquired(DefaultWorkerLeaseService.java:267)
	at org.gradle.internal.work.DefaultWorkerLeaseService.lambda$withReplacedLocks$3(DefaultWorkerLeaseService.java:365)
	at org.gradle.internal.work.DefaultWorkerLeaseService.withoutLocks(DefaultWorkerLeaseService.java:337)
	at org.gradle.internal.work.DefaultWorkerLeaseService.withReplacedLocks(DefaultWorkerLeaseService.java:364)
	at org.gradle.api.internal.project.DefaultProjectStateRegistry$ProjectStateImpl.fromMutableState(DefaultProjectStateRegistry.java:469)
	at org.gradle.api.internal.project.DefaultProjectStateRegistry$ProjectStateImpl.applyToMutableState(DefaultProjectStateRegistry.java:445)
	at org.gradle.internal.serialize.codecs.core.WorkNodeCodec$safeRunnerFor$2.invokeSuspend(WorkNodeCodec.kt:398)
	at org.gradle.internal.serialize.codecs.core.WorkNodeCodec$safeRunnerFor$2.invoke(WorkNodeCodec.kt)
	at org.gradle.internal.serialize.codecs.core.WorkNodeCodec$safeRunnerFor$2.invoke(WorkNodeCodec.kt)
	at org.gradle.internal.serialize.codecs.core.WorkNodeCodec$writeGroupedNodes$1.invokeSuspend(WorkNodeCodec.kt:331)
	at org.gradle.internal.serialize.codecs.core.WorkNodeCodec$writeGroupedNodes$1.invoke(WorkNodeCodec.kt)
	at org.gradle.internal.serialize.codecs.core.WorkNodeCodec$writeGroupedNodes$1.invoke(WorkNodeCodec.kt)
	at org.gradle.internal.serialize.graph.RunningKt$runWriteOperation$1.invokeSuspend(Running.kt:43)
	at kotlin.coroutines.jvm.internal.BaseContinuationImpl.resumeWith(ContinuationImpl.kt:34)
	at kotlin.coroutines.ContinuationKt.startCoroutine(Continuation.kt:115)
	at org.gradle.internal.serialize.graph.RunningKt.runToCompletion(Running.kt:58)
	at org.gradle.internal.serialize.graph.RunningKt.runWriteOperation(Running.kt:42)
	at org.gradle.internal.serialize.codecs.core.WorkNodeCodec.writeGroupedNodes(WorkNodeCodec.kt:327)
	at org.gradle.internal.serialize.codecs.core.WorkNodeCodec.writeNodeBatchesInParallel$lambda$1$0$0(WorkNodeCodec.kt:248)
	at org.gradle.internal.serialize.codecs.core.WorkNodeCodec$runBuildOperations$1$1.execute$lambda$1(WorkNodeCodec.kt:597)
	at org.gradle.internal.serialize.codecs.core.WorkNodeCodecKt$asBuildOperation$1.run(WorkNodeCodec.kt:640)
	at org.gradle.internal.operations.DefaultBuildOperationRunner$2.execute(DefaultBuildOperationRunner.java:66)
	at org.gradle.internal.operations.DefaultBuildOperationRunner$2.execute(DefaultBuildOperationRunner.java:59)
	at org.gradle.internal.operations.DefaultBuildOperationRunner.execute(DefaultBuildOperationRunner.java:166)
	at org.gradle.internal.operations.DefaultBuildOperationRunner.execute(DefaultBuildOperationRunner.java:59)
	at org.gradle.internal.operations.DefaultBuildOperationExecutor.lambda$executeInParallel$0(DefaultBuildOperationExecutor.java:102)
	at org.gradle.internal.operations.DefaultBuildOperationQueue$WorkerRunnable.runOperation(DefaultBuildOperationQueue.java:292)
	at org.gradle.internal.operations.DefaultBuildOperationQueue$WorkerRunnable.doRunBatch(DefaultBuildOperationQueue.java:273)
	at org.gradle.internal.operations.DefaultBuildOperationQueue$WorkerRunnable.lambda$runBatch$1(DefaultBuildOperationQueue.java:246)
	at org.gradle.internal.work.DefaultWorkerLeaseService.runAsWorkerThread(DefaultWorkerLeaseService.java:125)
	at org.gradle.internal.operations.DefaultBuildOperationQueue$WorkerRunnable.runBatch(DefaultBuildOperationQueue.java:244)
	at org.gradle.internal.operations.DefaultBuildOperationQueue$WorkerRunnable.runOperations(DefaultBuildOperationQueue.java:212)
	at org.gradle.internal.operations.CurrentBuildOperationRef.with(CurrentBuildOperationRef.java:84)
	at org.gradle.internal.operations.DefaultBuildOperationQueue$WorkerRunnable.run(DefaultBuildOperationQueue.java:205)
	at org.gradle.internal.operations.DefaultBuildOperationQueue.waitForCompletion(DefaultBuildOperationQueue.java:114)
	at org.gradle.internal.operations.DefaultBuildOperationExecutor.executeInParallel(DefaultBuildOperationExecutor.java:115)
	at org.gradle.internal.operations.DefaultBuildOperationExecutor.runAllWithAccessToProjectState(DefaultBuildOperationExecutor.java:74)
	at org.gradle.internal.operations.DefaultBuildOperationExecutor.runAllWithAccessToProjectState(DefaultBuildOperationExecutor.java:69)
	at org.gradle.internal.serialize.codecs.core.WorkNodeCodec.runBuildOperations$lambda$0(WorkNodeCodec.kt:588)
	at org.gradle.internal.serialize.codecs.core.WorkNodeCodec.handleBuildOperationExceptions(WorkNodeCodec.kt:286)
	at org.gradle.internal.serialize.codecs.core.WorkNodeCodec.runBuildOperations(WorkNodeCodec.kt:587)
	at org.gradle.internal.serialize.codecs.core.WorkNodeCodec.writeNodeBatchesInParallel(WorkNodeCodec.kt:243)
	at org.gradle.internal.serialize.codecs.core.WorkNodeCodec.writeNodes(WorkNodeCodec.kt:209)
	at org.gradle.internal.serialize.codecs.core.WorkNodeCodec.doWrite(WorkNodeCodec.kt:122)
	at org.gradle.internal.serialize.codecs.core.WorkNodeCodec.writeWork(WorkNodeCodec.kt:94)
	at org.gradle.internal.cc.impl.ConfigurationCacheState.writeWorkGraphOf(ConfigurationCacheState.kt:510)
	at org.gradle.internal.cc.impl.ConfigurationCacheState.writeBuildContent$configuration_cache(ConfigurationCacheState.kt:472)
	at org.gradle.internal.cc.impl.ConfigurationCacheState.writeBuildState(ConfigurationCacheState.kt:337)
	at org.gradle.internal.cc.impl.ConfigurationCacheState.writeBuildsInTree(ConfigurationCacheState.kt:312)
	at org.gradle.internal.cc.impl.ConfigurationCacheState.writeRootBuild(ConfigurationCacheState.kt:286)
	at org.gradle.internal.cc.impl.ConfigurationCacheState.writeRootBuildState(ConfigurationCacheState.kt:184)
	at org.gradle.internal.cc.impl.DefaultConfigurationCacheIO$writeRootBuildStateTo$1.invokeSuspend(DefaultConfigurationCacheIO.kt:215)
	at org.gradle.internal.cc.impl.DefaultConfigurationCacheIO$writeRootBuildStateTo$1.invoke(DefaultConfigurationCacheIO.kt)
	at org.gradle.internal.cc.impl.DefaultConfigurationCacheIO$writeRootBuildStateTo$1.invoke(DefaultConfigurationCacheIO.kt)
	at org.gradle.internal.cc.impl.DefaultConfigurationCacheIO$writeConfigurationCacheStateWithSpecialEncoders$1.invokeSuspend(DefaultConfigurationCacheIO.kt:365)
	at org.gradle.internal.cc.impl.DefaultConfigurationCacheIO$writeConfigurationCacheStateWithSpecialEncoders$1.invoke(DefaultConfigurationCacheIO.kt)
	at org.gradle.internal.cc.impl.DefaultConfigurationCacheIO$writeConfigurationCacheStateWithSpecialEncoders$1.invoke(DefaultConfigurationCacheIO.kt)
	at org.gradle.internal.serialize.graph.CodecKt$writeWith$1$1.invokeSuspend(Codec.kt:84)
	at org.gradle.internal.serialize.graph.CodecKt$writeWith$1$1.invoke(Codec.kt)
	at org.gradle.internal.serialize.graph.CodecKt$writeWith$1$1.invoke(Codec.kt)
	at org.gradle.internal.serialize.graph.RunningKt$runWriteOperation$1.invokeSuspend(Running.kt:43)
	at kotlin.coroutines.jvm.internal.BaseContinuationImpl.resumeWith(ContinuationImpl.kt:34)
	at kotlin.coroutines.ContinuationKt.startCoroutine(Continuation.kt:115)
	at org.gradle.internal.serialize.graph.RunningKt.runToCompletion(Running.kt:58)
	at org.gradle.internal.serialize.graph.RunningKt.runWriteOperation(Running.kt:42)
	at org.gradle.internal.serialize.graph.CodecKt.writeWith(Codec.kt:83)
	at org.gradle.internal.cc.impl.DefaultConfigurationCacheIO.withWriteContextFor(DefaultConfigurationCacheIO.kt:517)
	at org.gradle.internal.cc.impl.ConfigurationCacheBuildTreeIO.withWriteContextFor(ConfigurationCacheBuildTreeIO.kt:131)
	at org.gradle.internal.cc.impl.DefaultConfigurationCacheIO.withWriteContextFor(DefaultConfigurationCacheIO.kt:99)
	at org.gradle.internal.cc.impl.ConfigurationCacheBuildTreeIO.withWriteContextFor$default(ConfigurationCacheBuildTreeIO.kt:124)
	at org.gradle.internal.cc.impl.DefaultConfigurationCacheIO.writeConfigurationCacheStateWithSpecialEncoders(DefaultConfigurationCacheIO.kt:364)
	at org.gradle.internal.cc.impl.DefaultConfigurationCacheIO.writeConfigurationCacheState$lambda$0$0(DefaultConfigurationCacheIO.kt:268)
	at org.gradle.internal.cc.impl.DefaultConfigurationCacheIO.withSharedObjectEncoderFor(DefaultConfigurationCacheIO.kt:327)
	at org.gradle.internal.cc.impl.DefaultConfigurationCacheIO.writeConfigurationCacheState$lambda$0(DefaultConfigurationCacheIO.kt:267)
	at org.gradle.internal.cc.impl.DefaultConfigurationCacheIO.withStringEncoderFor(DefaultConfigurationCacheIO.kt:315)
	at org.gradle.internal.cc.impl.DefaultConfigurationCacheIO.writeConfigurationCacheState(DefaultConfigurationCacheIO.kt:266)
	at org.gradle.internal.cc.impl.DefaultConfigurationCacheIO.writeRootBuildStateTo(DefaultConfigurationCacheIO.kt:213)
	at org.gradle.internal.cc.impl.DefaultConfigurationCache.writeConfigurationCacheState(DefaultConfigurationCache.kt:769)
	at org.gradle.internal.cc.impl.DefaultConfigurationCache.saveWorkGraph$lambda$0$0(DefaultConfigurationCache.kt:683)
	at org.gradle.internal.cc.impl.DefaultConfigurationCache.runAndStore$lambda$0(DefaultConfigurationCache.kt:698)
	at org.gradle.internal.cc.impl.ConfigurationCacheRepository$StoreImpl.useForStore$lambda$0(ConfigurationCacheRepository.kt:255)
	at org.gradle.internal.cc.impl.ConfigurationCacheRepository$withExclusiveAccessToCache$1.get(ConfigurationCacheRepository.kt:321)
	at org.gradle.cache.internal.LockOnDemandCrossProcessCacheAccess.withFileLock(LockOnDemandCrossProcessCacheAccess.java:90)
	at org.gradle.cache.internal.DefaultCacheCoordinator.withFileLock(DefaultCacheCoordinator.java:226)
	at org.gradle.cache.internal.DefaultPersistentDirectoryStore.withFileLock(DefaultPersistentDirectoryStore.java:147)
	at org.gradle.cache.internal.DefaultCacheFactory$ReferenceTrackingCache.withFileLock(DefaultCacheFactory.java:203)
	at org.gradle.internal.cc.impl.ConfigurationCacheRepository.withExclusiveAccessToCache(ConfigurationCacheRepository.kt:319)
	at org.gradle.internal.cc.impl.ConfigurationCacheRepository.access$withExclusiveAccessToCache(ConfigurationCacheRepository.kt:54)
	at org.gradle.internal.cc.impl.ConfigurationCacheRepository$StoreImpl.useForStore(ConfigurationCacheRepository.kt:245)
	at org.gradle.internal.cc.impl.DefaultConfigurationCache.runAndStore(DefaultConfigurationCache.kt:695)
	at org.gradle.internal.cc.impl.DefaultConfigurationCache.saveWorkGraph$lambda$0(DefaultConfigurationCache.kt:682)
	at org.gradle.configurationcache.ConfigurationCacheBuildOperationsKt$withWorkGraphStoreOperation$1.run(ConfigurationCacheBuildOperations.kt:63)
	at org.gradle.internal.operations.DefaultBuildOperationRunner$1.execute(DefaultBuildOperationRunner.java:29)
	at org.gradle.internal.operations.DefaultBuildOperationRunner$1.execute(DefaultBuildOperationRunner.java:26)
	at org.gradle.internal.operations.DefaultBuildOperationRunner$2.execute(DefaultBuildOperationRunner.java:66)
	at org.gradle.internal.operations.DefaultBuildOperationRunner$2.execute(DefaultBuildOperationRunner.java:59)
	at org.gradle.internal.operations.DefaultBuildOperationRunner.execute(DefaultBuildOperationRunner.java:166)
	at org.gradle.internal.operations.DefaultBuildOperationRunner.execute(DefaultBuildOperationRunner.java:59)
	at org.gradle.internal.operations.DefaultBuildOperationRunner.run(DefaultBuildOperationRunner.java:47)
	at org.gradle.configurationcache.ConfigurationCacheBuildOperationsKt.withWorkGraphStoreOperation(ConfigurationCacheBuildOperations.kt:56)
	at org.gradle.internal.cc.impl.DefaultConfigurationCache.saveWorkGraph(DefaultConfigurationCache.kt:681)
	at org.gradle.internal.cc.impl.DefaultConfigurationCache.loadOrScheduleRequestedTasks$lambda$1$0(DefaultConfigurationCache.kt:272)
	at org.gradle.internal.cc.impl.DefaultConfigurationCache.degradeGracefullyOr(DefaultConfigurationCache.kt:315)
	at org.gradle.internal.cc.impl.DefaultConfigurationCache.loadOrScheduleRequestedTasks$lambda$1(DefaultConfigurationCache.kt:272)
	at org.gradle.internal.cc.impl.DefaultConfigurationCache.runWorkThatContributesToCacheEntry(DefaultConfigurationCache.kt:620)
	at org.gradle.internal.cc.impl.DefaultConfigurationCache.loadOrScheduleRequestedTasks(DefaultConfigurationCache.kt:269)
	at org.gradle.internal.cc.impl.ConfigurationCacheAwareBuildTreeWorkController$scheduleAndRunRequestedTasks$executionResult$1.apply(ConfigurationCacheAwareBuildTreeWorkController.kt:55)
	at org.gradle.internal.cc.impl.ConfigurationCacheAwareBuildTreeWorkController$scheduleAndRunRequestedTasks$executionResult$1.apply(ConfigurationCacheAwareBuildTreeWorkController.kt:54)
	at org.gradle.composite.internal.DefaultIncludedBuildTaskGraph.withNewWorkGraph(DefaultIncludedBuildTaskGraph.java:114)
	at org.gradle.internal.cc.impl.ConfigurationCacheAwareBuildTreeWorkController.scheduleAndRunRequestedTasks(ConfigurationCacheAwareBuildTreeWorkController.kt:54)
	at org.gradle.internal.buildtree.DefaultBuildTreeLifecycleController.lambda$scheduleAndRunTasks$1(DefaultBuildTreeLifecycleController.java:77)
	at org.gradle.internal.buildtree.DefaultBuildTreeLifecycleController.lambda$runBuild$4(DefaultBuildTreeLifecycleController.java:120)
	at org.gradle.internal.model.StateTransitionController.lambda$transition$6(StateTransitionController.java:169)
	at org.gradle.internal.model.StateTransitionController.doTransition(StateTransitionController.java:266)
	at org.gradle.internal.model.StateTransitionController.lambda$transition$7(StateTransitionController.java:169)
	at org.gradle.internal.work.DefaultSynchronizer.withLock(DefaultSynchronizer.java:45)
	at org.gradle.internal.model.StateTransitionController.transition(StateTransitionController.java:169)
	at org.gradle.internal.buildtree.DefaultBuildTreeLifecycleController.runBuild(DefaultBuildTreeLifecycleController.java:117)
	at org.gradle.internal.buildtree.DefaultBuildTreeLifecycleController.scheduleAndRunTasks(DefaultBuildTreeLifecycleController.java:77)
	at org.gradle.internal.buildtree.DefaultBuildTreeLifecycleController.scheduleAndRunTasks(DefaultBuildTreeLifecycleController.java:72)
	at org.gradle.tooling.internal.provider.ExecuteBuildActionRunner.run(ExecuteBuildActionRunner.java:31)
	at org.gradle.launcher.exec.ChainingBuildActionRunner.run(ChainingBuildActionRunner.java:35)
	at org.gradle.internal.buildtree.ProblemReportingBuildActionRunner.run(ProblemReportingBuildActionRunner.java:54)
	at org.gradle.launcher.exec.BuildOutcomeReportingBuildActionRunner.run(BuildOutcomeReportingBuildActionRunner.java:83)
	at org.gradle.tooling.internal.provider.FileSystemWatchingBuildActionRunner.run(FileSystemWatchingBuildActionRunner.java:135)
	at org.gradle.launcher.exec.BuildCompletionNotifyingBuildActionRunner.run(BuildCompletionNotifyingBuildActionRunner.java:54)
	at org.gradle.launcher.exec.RootBuildLifecycleBuildActionExecutor.lambda$execute$0(RootBuildLifecycleBuildActionExecutor.java:56)
	at org.gradle.composite.internal.DefaultRootBuildState.run(DefaultRootBuildState.java:126)
	at org.gradle.launcher.exec.RootBuildLifecycleBuildActionExecutor.execute(RootBuildLifecycleBuildActionExecutor.java:56)
	at org.gradle.internal.buildtree.InitDeprecationLoggingActionExecutor.execute(InitDeprecationLoggingActionExecutor.java:62)
	at org.gradle.internal.buildtree.InitProblems.execute(InitProblems.java:36)
	at org.gradle.internal.buildtree.DefaultBuildTreeContext.execute(DefaultBuildTreeContext.java:40)
	at org.gradle.launcher.exec.BuildTreeLifecycleBuildActionExecutor.lambda$execute$0(BuildTreeLifecycleBuildActionExecutor.java:71)
	at org.gradle.internal.buildtree.BuildTreeState.run(BuildTreeState.java:60)
	at org.gradle.launcher.exec.BuildTreeLifecycleBuildActionExecutor.execute(BuildTreeLifecycleBuildActionExecutor.java:71)
	at org.gradle.launcher.exec.RunAsBuildOperationBuildActionExecutor$2.call(RunAsBuildOperationBuildActionExecutor.java:65)
	at org.gradle.launcher.exec.RunAsBuildOperationBuildActionExecutor$2.call(RunAsBuildOperationBuildActionExecutor.java:61)
	at org.gradle.internal.operations.DefaultBuildOperationRunner$CallableBuildOperationWorker.execute(DefaultBuildOperationRunner.java:209)
	at org.gradle.internal.operations.DefaultBuildOperationRunner$CallableBuildOperationWorker.execute(DefaultBuildOperationRunner.java:204)
	at org.gradle.internal.operations.DefaultBuildOperationRunner$2.execute(DefaultBuildOperationRunner.java:66)
	at org.gradle.internal.operations.DefaultBuildOperationRunner$2.execute(DefaultBuildOperationRunner.java:59)
	at org.gradle.internal.operations.DefaultBuildOperationRunner.execute(DefaultBuildOperationRunner.java:166)
	at org.gradle.internal.operations.DefaultBuildOperationRunner.execute(DefaultBuildOperationRunner.java:59)
	at org.gradle.internal.operations.DefaultBuildOperationRunner.call(DefaultBuildOperationRunner.java:53)
	at org.gradle.launcher.exec.RunAsBuildOperationBuildActionExecutor.execute(RunAsBuildOperationBuildActionExecutor.java:61)
	at org.gradle.launcher.exec.RunAsWorkerThreadBuildActionExecutor.lambda$execute$0(RunAsWorkerThreadBuildActionExecutor.java:36)
	at org.gradle.internal.work.DefaultWorkerLeaseService.lambda$withLocksAcquired$0(DefaultWorkerLeaseService.java:269)
	at org.gradle.internal.work.ResourceLockStatistics$1.measure(ResourceLockStatistics.java:42)
	at org.gradle.internal.work.DefaultWorkerLeaseService.withLocksAcquired(DefaultWorkerLeaseService.java:267)
	at org.gradle.internal.work.DefaultWorkerLeaseService.withLocks(DefaultWorkerLeaseService.java:259)
	at org.gradle.internal.work.DefaultWorkerLeaseService.runAsWorkerThread(DefaultWorkerLeaseService.java:127)
	at org.gradle.launcher.exec.RunAsWorkerThreadBuildActionExecutor.execute(RunAsWorkerThreadBuildActionExecutor.java:36)
	at org.gradle.tooling.internal.provider.continuous.ContinuousBuildActionExecutor.execute(ContinuousBuildActionExecutor.java:110)
	at org.gradle.tooling.internal.provider.SubscribableBuildActionExecutor.execute(SubscribableBuildActionExecutor.java:64)
	at org.gradle.internal.session.DefaultBuildSessionContext.execute(DefaultBuildSessionContext.java:46)
	at org.gradle.internal.buildprocess.execution.BuildSessionLifecycleBuildActionExecutor$ActionImpl.apply(BuildSessionLifecycleBuildActionExecutor.java:92)
	at org.gradle.internal.buildprocess.execution.BuildSessionLifecycleBuildActionExecutor$ActionImpl.apply(BuildSessionLifecycleBuildActionExecutor.java:80)
	at org.gradle.internal.session.BuildSessionState.run(BuildSessionState.java:73)
	at org.gradle.internal.buildprocess.execution.BuildSessionLifecycleBuildActionExecutor.execute(BuildSessionLifecycleBuildActionExecutor.java:62)
	at org.gradle.internal.buildprocess.execution.BuildSessionLifecycleBuildActionExecutor.execute(BuildSessionLifecycleBuildActionExecutor.java:41)
	at org.gradle.internal.buildprocess.execution.StartParamsValidatingActionExecutor.execute(StartParamsValidatingActionExecutor.java:57)
	at org.gradle.internal.buildprocess.execution.StartParamsValidatingActionExecutor.execute(StartParamsValidatingActionExecutor.java:32)
	at org.gradle.internal.buildprocess.execution.SessionFailureReportingActionExecutor.execute(SessionFailureReportingActionExecutor.java:51)
	at org.gradle.internal.buildprocess.execution.SessionFailureReportingActionExecutor.execute(SessionFailureReportingActionExecutor.java:39)
	at org.gradle.internal.buildprocess.execution.SetupLoggingActionExecutor.execute(SetupLoggingActionExecutor.java:47)
	at org.gradle.internal.buildprocess.execution.SetupLoggingActionExecutor.execute(SetupLoggingActionExecutor.java:31)
	at org.gradle.launcher.daemon.server.exec.ExecuteBuild.doBuild(ExecuteBuild.java:70)
	at org.gradle.launcher.daemon.server.exec.BuildCommandOnly.execute(BuildCommandOnly.java:37)
	at org.gradle.launcher.daemon.server.api.DaemonCommandExecution.proceed(DaemonCommandExecution.java:104)
	at org.gradle.launcher.daemon.server.exec.WatchForDisconnection.execute(WatchForDisconnection.java:39)
	at org.gradle.launcher.daemon.server.api.DaemonCommandExecution.proceed(DaemonCommandExecution.java:104)
	at org.gradle.launcher.daemon.server.exec.ResetDeprecationLogger.execute(ResetDeprecationLogger.java:29)
	at org.gradle.launcher.daemon.server.api.DaemonCommandExecution.proceed(DaemonCommandExecution.java:104)
	at org.gradle.launcher.daemon.server.exec.RequestStopIfSingleUsedDaemon.execute(RequestStopIfSingleUsedDaemon.java:35)
	at org.gradle.launcher.daemon.server.api.DaemonCommandExecution.proceed(DaemonCommandExecution.java:104)
	at org.gradle.launcher.daemon.server.exec.ForwardClientInput.lambda$execute$0(ForwardClientInput.java:40)
	at org.gradle.internal.daemon.clientinput.ClientInputForwarder.forwardInput(ClientInputForwarder.java:80)
	at org.gradle.launcher.daemon.server.exec.ForwardClientInput.execute(ForwardClientInput.java:37)
	at org.gradle.launcher.daemon.server.api.DaemonCommandExecution.proceed(DaemonCommandExecution.java:104)
	at org.gradle.launcher.daemon.server.exec.LogAndCheckHealth.execute(LogAndCheckHealth.java:64)
	at org.gradle.launcher.daemon.server.api.DaemonCommandExecution.proceed(DaemonCommandExecution.java:104)
	at org.gradle.launcher.daemon.server.exec.LogToClient.doBuild(LogToClient.java:63)
	at org.gradle.launcher.daemon.server.exec.BuildCommandOnly.execute(BuildCommandOnly.java:37)
	at org.gradle.launcher.daemon.server.api.DaemonCommandExecution.proceed(DaemonCommandExecution.java:104)
	at org.gradle.launcher.daemon.server.exec.EstablishBuildEnvironment.doBuild(EstablishBuildEnvironment.java:84)
	at org.gradle.launcher.daemon.server.exec.BuildCommandOnly.execute(BuildCommandOnly.java:37)
	at org.gradle.launcher.daemon.server.api.DaemonCommandExecution.proceed(DaemonCommandExecution.java:104)
	at org.gradle.launcher.daemon.server.exec.StartBuildOrRespondWithBusy$1.run(StartBuildOrRespondWithBusy.java:52)
	at org.gradle.launcher.daemon.server.DaemonStateCoordinator.lambda$runCommand$0(DaemonStateCoordinator.java:321)
	at org.gradle.internal.concurrent.ExecutorPolicy$CatchAndRecordFailures.onExecute(ExecutorPolicy.java:64)
	at org.gradle.internal.concurrent.AbstractManagedExecutor$1.run(AbstractManagedExecutor.java:47)
Caused by: org.gradle.api.internal.artifacts.ivyservice.TypedResolveException: Could not resolve all files for configuration ':neoForgeConfigOnly'.
	at org.gradle.api.internal.artifacts.ResolveExceptionMapper.mapFailure(ResolveExceptionMapper.java:73)
	at org.gradle.api.internal.artifacts.ResolveExceptionMapper.mapFailures(ResolveExceptionMapper.java:65)
	at org.gradle.api.internal.artifacts.configurations.DefaultConfiguration$DefaultResolutionHost.consolidateFailures(DefaultConfiguration.java:1740)
	at org.gradle.api.internal.artifacts.configurations.ResolutionHost.rethrowFailuresAndReportProblems(ResolutionHost.java:75)
	at org.gradle.api.internal.artifacts.configurations.ResolutionBackedFileCollection.maybeThrowResolutionFailures(ResolutionBackedFileCollection.java:86)
	at org.gradle.api.internal.artifacts.configurations.ResolutionBackedFileCollection.visitContents(ResolutionBackedFileCollection.java:76)
	at org.gradle.api.internal.file.AbstractFileCollection.visitStructure(AbstractFileCollection.java:361)
	at org.gradle.internal.serialize.codecs.core.CollectingVisitor.startVisit(FileCollectionCodec.kt:198)
	at org.gradle.api.internal.file.AbstractFileCollection.visitStructure(AbstractFileCollection.java:360)
	at org.gradle.api.internal.artifacts.configurations.DefaultConfiguration.visitContents(DefaultConfiguration.java:490)
	at org.gradle.api.internal.file.AbstractFileCollection.visitStructure(AbstractFileCollection.java:361)
	at org.gradle.api.internal.file.CompositeFileCollection.lambda$visitContents$0(CompositeFileCollection.java:112)
	at org.gradle.api.internal.file.collections.UnpackingVisitor.add(UnpackingVisitor.java:66)
	at org.gradle.api.internal.file.collections.DefaultConfigurableFileCollection$UnresolvedItemsCollector.visitContents(DefaultConfigurableFileCollection.java:635)
	at org.gradle.api.internal.file.collections.DefaultConfigurableFileCollection.visitChildren(DefaultConfigurableFileCollection.java:448)
	at org.gradle.api.internal.file.CompositeFileCollection.visitContents(CompositeFileCollection.java:112)
	at org.gradle.api.internal.file.AbstractFileCollection.visitStructure(AbstractFileCollection.java:361)
	at org.gradle.internal.serialize.codecs.core.FileCollectionCodec.encodeViaCollectingVisitor(FileCollectionCodec.kt:80)
	at org.gradle.internal.serialize.codecs.core.FileCollectionCodec.encodeContents(FileCollectionCodec.kt:73)
	at org.gradle.internal.serialize.codecs.core.ConfigurableFileCollectionCodec.encode(ConfigurableFileCollectionCodec.kt:40)
	at org.gradle.internal.serialize.codecs.core.ConfigurableFileCollectionCodec.encode(ConfigurableFileCollectionCodec.kt:31)
	at org.gradle.internal.serialize.graph.codecs.BindingsBackedCodec.encode(BindingsBackedCodec.kt:66)
	at org.gradle.internal.serialize.graph.DefaultWriteContext.write(Contexts.kt:111)
	at org.gradle.internal.serialize.graph.BeanPropertyExtensionsKt.writePropertyValue(BeanPropertyExtensions.kt:34)
	... 219 more
Caused by: org.gradle.internal.resolve.ArtifactResolveException: Could not download neoforge-21.1.223-moddev-config.json (net.neoforged:neoforge:21.1.223)
	at org.gradle.api.internal.artifacts.repositories.resolver.ExternalResourceResolver$RemoteRepositoryAccess.resolveArtifact(ExternalResourceResolver.java:485)
	at org.gradle.api.internal.artifacts.ivyservice.ivyresolve.CachingModuleComponentRepository$ResolveAndCacheRepositoryAccess.resolveArtifact(CachingModuleComponentRepository.java:460)
	at org.gradle.api.internal.artifacts.ivyservice.ivyresolve.ErrorHandlingModuleComponentRepository$ErrorHandlingModuleComponentRepositoryAccess.lambda$resolveArtifact$12(ErrorHandlingModuleComponentRepository.java:166)
	at org.gradle.api.internal.artifacts.ivyservice.ivyresolve.ErrorHandlingModuleComponentRepository$ErrorHandlingModuleComponentRepositoryAccess.tryResolveAndMaybeDisable(ErrorHandlingModuleComponentRepository.java:233)
	at org.gradle.api.internal.artifacts.ivyservice.ivyresolve.ErrorHandlingModuleComponentRepository$ErrorHandlingModuleComponentRepositoryAccess.performOperationWithRetries(ErrorHandlingModuleComponentRepository.java:190)
	at org.gradle.api.internal.artifacts.ivyservice.ivyresolve.ErrorHandlingModuleComponentRepository$ErrorHandlingModuleComponentRepositoryAccess.resolveArtifact(ErrorHandlingModuleComponentRepository.java:164)
	at org.gradle.api.internal.artifacts.ivyservice.ivyresolve.RepositoryChainArtifactResolver.resolveArtifactLater(RepositoryChainArtifactResolver.java:75)
	at org.gradle.api.internal.artifacts.ivyservice.ivyresolve.RepositoryChainArtifactResolver.lambda$resolveArtifact$0(RepositoryChainArtifactResolver.java:63)
	at org.gradle.internal.model.CalculatedValueContainerFactory$SupplierBackedCalculator.calculateValue(CalculatedValueContainerFactory.java:69)
	at org.gradle.internal.model.CalculatedValueContainer$CalculationState.lambda$attachValue$0(CalculatedValueContainer.java:227)
	at org.gradle.internal.Try.ofFailable(Try.java:46)
	at org.gradle.internal.model.CalculatedValueContainer$CalculationState.attachValue(CalculatedValueContainer.java:222)
	at org.gradle.internal.model.CalculatedValueContainer.finalizeIfNotAlready(CalculatedValueContainer.java:195)
	at org.gradle.internal.model.CalculatedValueContainer.finalizeIfNotAlready(CalculatedValueContainer.java:186)
	at org.gradle.api.internal.artifacts.ivyservice.resolveengine.artifact.ArtifactBackedResolvedVariant$DownloadArtifactFile.run(ArtifactBackedResolvedVariant.java:208)
	at org.gradle.internal.operations.DefaultBuildOperationRunner$2.execute(DefaultBuildOperationRunner.java:66)
	at org.gradle.internal.operations.DefaultBuildOperationRunner$2.execute(DefaultBuildOperationRunner.java:59)
	at org.gradle.internal.operations.DefaultBuildOperationRunner.execute(DefaultBuildOperationRunner.java:166)
	at org.gradle.internal.operations.DefaultBuildOperationRunner.execute(DefaultBuildOperationRunner.java:59)
	at org.gradle.internal.operations.DefaultBuildOperationExecutor.lambda$executeInParallel$0(DefaultBuildOperationExecutor.java:102)
	at org.gradle.internal.operations.DefaultBuildOperationQueue$WorkerRunnable.runOperation(DefaultBuildOperationQueue.java:292)
	at org.gradle.internal.operations.DefaultBuildOperationQueue$WorkerRunnable.doRunBatch(DefaultBuildOperationQueue.java:273)
	at org.gradle.internal.operations.DefaultBuildOperationQueue$WorkerRunnable.lambda$runBatch$0(DefaultBuildOperationQueue.java:258)
	at org.gradle.internal.resources.AbstractResourceLockRegistry.whileDisallowingLockChanges(AbstractResourceLockRegistry.java:50)
	at org.gradle.internal.work.DefaultWorkerLeaseService.whileDisallowingProjectLockChanges(DefaultWorkerLeaseService.java:233)
	at org.gradle.internal.operations.DefaultBuildOperationQueue$WorkerRunnable.lambda$runBatch$1(DefaultBuildOperationQueue.java:258)
	at org.gradle.internal.work.DefaultWorkerLeaseService.runAsWorkerThread(DefaultWorkerLeaseService.java:125)
	at org.gradle.internal.operations.DefaultBuildOperationQueue$WorkerRunnable.runBatch(DefaultBuildOperationQueue.java:244)
	at org.gradle.internal.operations.DefaultBuildOperationQueue$WorkerRunnable.runOperations(DefaultBuildOperationQueue.java:212)
	at org.gradle.internal.operations.CurrentBuildOperationRef.with(CurrentBuildOperationRef.java:84)
	at org.gradle.internal.operations.DefaultBuildOperationQueue$WorkerRunnable.run(DefaultBuildOperationQueue.java:205)
	at org.gradle.internal.operations.DefaultBuildOperationQueue.waitForCompletion(DefaultBuildOperationQueue.java:114)
	at org.gradle.internal.operations.DefaultBuildOperationExecutor.executeInParallel(DefaultBuildOperationExecutor.java:115)
	at org.gradle.internal.operations.DefaultBuildOperationExecutor.runAll(DefaultBuildOperationExecutor.java:64)
	at org.gradle.api.internal.artifacts.ivyservice.resolveengine.artifact.ParallelResolveArtifactSet$VisitingSet.visit(ParallelResolveArtifactSet.java:66)
	at org.gradle.api.internal.artifacts.ivyservice.resolveengine.artifact.ResolvedArtifactSetResolver$1.run(ResolvedArtifactSetResolver.java:68)
	at org.gradle.internal.operations.DefaultBuildOperationRunner$1.execute(DefaultBuildOperationRunner.java:29)
	at org.gradle.internal.operations.DefaultBuildOperationRunner$1.execute(DefaultBuildOperationRunner.java:26)
	at org.gradle.internal.operations.DefaultBuildOperationRunner$2.execute(DefaultBuildOperationRunner.java:66)
	at org.gradle.internal.operations.DefaultBuildOperationRunner$2.execute(DefaultBuildOperationRunner.java:59)
	at org.gradle.internal.operations.DefaultBuildOperationRunner.execute(DefaultBuildOperationRunner.java:166)
	at org.gradle.internal.operations.DefaultBuildOperationRunner.execute(DefaultBuildOperationRunner.java:59)
	at org.gradle.internal.operations.DefaultBuildOperationRunner.run(DefaultBuildOperationRunner.java:47)
	at org.gradle.api.internal.artifacts.ivyservice.resolveengine.artifact.ResolvedArtifactSetResolver.visitArtifacts(ResolvedArtifactSetResolver.java:65)
	at org.gradle.api.internal.artifacts.ivyservice.resolveengine.artifact.ResolvedArtifactSetResolver.lambda$visitInUnmanagedWorkerThread$0(ResolvedArtifactSetResolver.java:61)
	at org.gradle.internal.work.DefaultWorkerLeaseService.runAsUnmanagedWorkerThread(DefaultWorkerLeaseService.java:139)
	at org.gradle.api.internal.artifacts.ivyservice.resolveengine.artifact.ResolvedArtifactSetResolver.visitInUnmanagedWorkerThread(ResolvedArtifactSetResolver.java:61)
	at org.gradle.api.internal.artifacts.ivyservice.resolveengine.artifact.DefaultSelectedArtifactSet.visitArtifacts(DefaultSelectedArtifactSet.java:59)
	at org.gradle.api.internal.artifacts.configurations.ResolutionResultProviderBackedSelectedArtifactSet.visitArtifacts(ResolutionResultProviderBackedSelectedArtifactSet.java:52)
	at org.gradle.api.internal.artifacts.ivyservice.resolveengine.artifact.SelectedArtifactSet.visitFiles(SelectedArtifactSet.java:34)
	at org.gradle.api.internal.artifacts.configurations.ResolutionBackedFileCollection.visitContents(ResolutionBackedFileCollection.java:75)
	... 237 more
Caused by: org.gradle.api.resources.ResourceException: Could not get resource 'https://maven.neoforged.net/releases/net/neoforged/neoforge/21.1.223/neoforge-21.1.223-moddev-config.json'.
	at org.gradle.internal.resource.ResourceExceptions.failure(ResourceExceptions.java:74)
	at org.gradle.internal.resource.ResourceExceptions.getFailed(ResourceExceptions.java:57)
	at org.gradle.api.internal.artifacts.repositories.resolver.DefaultExternalResourceArtifactResolver.downloadByUrl(DefaultExternalResourceArtifactResolver.java:114)
	at org.gradle.api.internal.artifacts.repositories.resolver.DefaultExternalResourceArtifactResolver.downloadStaticResource(DefaultExternalResourceArtifactResolver.java:92)
	at org.gradle.api.internal.artifacts.repositories.resolver.DefaultExternalResourceArtifactResolver.resolveArtifact(DefaultExternalResourceArtifactResolver.java:62)
	at org.gradle.api.internal.artifacts.repositories.resolver.ExternalResourceResolver$RemoteRepositoryAccess.resolveArtifact(ExternalResourceResolver.java:478)
	... 287 more
Caused by: org.gradle.internal.resource.transport.http.HttpRequestException: Could not GET 'https://maven.neoforged.net/releases/net/neoforged/neoforge/21.1.223/neoforge-21.1.223-moddev-config.json'.
	at org.gradle.internal.resource.transport.http.HttpClientHelper.createHttpRequestException(HttpClientHelper.java:123)
	at org.gradle.internal.resource.transport.http.HttpClientHelper.performRequest(HttpClientHelper.java:117)
	at org.gradle.internal.resource.transport.http.HttpClientHelper.performRawGet(HttpClientHelper.java:99)
	at org.gradle.internal.resource.transport.http.HttpClientHelper.performGet(HttpClientHelper.java:104)
	at org.gradle.internal.resource.transport.http.HttpResourceAccessor.openResource(HttpResourceAccessor.java:45)
	at org.gradle.internal.resource.transport.http.HttpResourceAccessor.openResource(HttpResourceAccessor.java:30)
	at org.gradle.internal.resource.transfer.AbstractExternalResourceAccessor.withContent(AbstractExternalResourceAccessor.java:32)
	at org.gradle.internal.resource.transfer.DefaultExternalResourceConnector.withContent(DefaultExternalResourceConnector.java:59)
	at org.gradle.internal.resource.transfer.ProgressLoggingExternalResourceAccessor$DownloadOperation.call(ProgressLoggingExternalResourceAccessor.java:136)
	at org.gradle.internal.operations.DefaultBuildOperationRunner$CallableBuildOperationWorker.execute(DefaultBuildOperationRunner.java:209)
	at org.gradle.internal.operations.DefaultBuildOperationRunner$CallableBuildOperationWorker.execute(DefaultBuildOperationRunner.java:204)
	at org.gradle.internal.operations.DefaultBuildOperationRunner$2.execute(DefaultBuildOperationRunner.java:66)
	at org.gradle.internal.operations.DefaultBuildOperationRunner$2.execute(DefaultBuildOperationRunner.java:59)
	at org.gradle.internal.operations.DefaultBuildOperationRunner.execute(DefaultBuildOperationRunner.java:166)
	at org.gradle.internal.operations.DefaultBuildOperationRunner.execute(DefaultBuildOperationRunner.java:59)
	at org.gradle.internal.operations.DefaultBuildOperationRunner.call(DefaultBuildOperationRunner.java:53)
	at org.gradle.internal.resource.transfer.ProgressLoggingExternalResourceAccessor.withContent(ProgressLoggingExternalResourceAccessor.java:49)
	at org.gradle.internal.resource.transfer.AccessorBackedExternalResource.withContentIfPresent(AccessorBackedExternalResource.java:103)
	at org.gradle.internal.resource.transfer.DefaultCacheAwareExternalResourceAccessor.copyToCache(DefaultCacheAwareExternalResourceAccessor.java:188)
	at org.gradle.internal.resource.transfer.DefaultCacheAwareExternalResourceAccessor.lambda$getResource$1(DefaultCacheAwareExternalResourceAccessor.java:86)
	at org.gradle.cache.internal.ProducerGuard$AdaptiveProducerGuard.guardByKey(ProducerGuard.java:97)
	at org.gradle.internal.resource.transfer.DefaultCacheAwareExternalResourceAccessor.getResource(DefaultCacheAwareExternalResourceAccessor.java:80)
	at org.gradle.api.internal.artifacts.repositories.resolver.DefaultExternalResourceArtifactResolver.downloadByUrl(DefaultExternalResourceArtifactResolver.java:109)
	... 290 more
Caused by: org.gradle.internal.resource.transport.http.HttpRequestException: Got socket exception during request. It might be caused by SSL misconfiguration
	at org.gradle.internal.resource.transport.http.HttpClientHelper.wrapWithExplanation(HttpClientHelper.java:128)
	... 312 more
Caused by: org.apache.http.conn.HttpHostConnectException: Connect to 127.0.0.1:7890 [/127.0.0.1] failed: Connection refused
	at org.apache.http.impl.conn.DefaultHttpClientConnectionOperator.connect(DefaultHttpClientConnectionOperator.java:156)
	at org.apache.http.impl.conn.PoolingHttpClientConnectionManager.connect(PoolingHttpClientConnectionManager.java:376)
	at org.apache.http.impl.execchain.MainClientExec.establishRoute(MainClientExec.java:401)
	at org.apache.http.impl.execchain.MainClientExec.execute(MainClientExec.java:236)
	at org.apache.http.impl.execchain.ProtocolExec.execute(ProtocolExec.java:186)
	at org.apache.http.impl.execchain.RetryExec.execute(RetryExec.java:89)
	at org.apache.http.impl.execchain.RedirectExec.execute(RedirectExec.java:110)
	at org.apache.http.impl.client.InternalHttpClient.doExecute(InternalHttpClient.java:185)
	at org.apache.http.impl.client.CloseableHttpClient.execute(CloseableHttpClient.java:83)
	at org.gradle.internal.resource.transport.http.HttpClientHelper.performHttpRequest(HttpClientHelper.java:200)
	at org.gradle.internal.resource.transport.http.HttpClientHelper.performHttpRequest(HttpClientHelper.java:176)
	at org.gradle.internal.resource.transport.http.HttpClientHelper.executeGetOrHead(HttpClientHelper.java:165)
	at org.gradle.internal.resource.transport.http.HttpClientHelper.performRequest(HttpClientHelper.java:113)
	... 311 more
Caused by: java.net.ConnectException: Connection refused
	at org.apache.http.conn.socket.PlainConnectionSocketFactory.connectSocket(PlainConnectionSocketFactory.java:75)
	at org.apache.http.impl.conn.DefaultHttpClientConnectionOperator.connect(DefaultHttpClientConnectionOperator.java:142)
	... 323 more


Deprecated Gradle features were used in this build, making it incompatible with Gradle 10.

You can use '--warning-mode all' to show the individual deprecation warnings and determine if they come from your own scripts or plugins.

For more on this, please refer to https://docs.gradle.org/9.2.1/userguide/command_line_interface.html#sec:command_line_warnings in the Gradle documentation.

BUILD FAILED in 13s
Configuration cache entry discarded due to serialization error.
